// Jest Snapshot v1, https://goo.gl/fbAQLP

exports[`PokemonPage component should match with snapshot 1`] = `
<div>
  <h1>Espere un momento por favor...</h1><img src="" alt="">
</div>
`;

exports[`PokemonPage component should match with snapshot when pokemons are loaded 1`] = `
<div>
  <h1>¿Quién es ese pokémon?</h1>
  <div class="pokemon-container"><img src="https://raw.githubusercontent.com/PokeAPI/sprites/master/sprites/pokemon/other/dream-world/1.svg" alt="pokemon" class="hidden-pokemon"></div>
  <div class="options-container">
    <ul>
      <li class="">bulbasaur</li>
      <li class="">ivysaur</li>
      <li class="">venusaur</li>
      <li class="">charmander</li>
    </ul>
  </div>
  <!--v-if-->
</div>
`;
